PS C:\Users\owner\OneDrive\Desktop\git_challenge> git init
Initialized empty Git repository in C:/Users/owner/OneDrive/Desktop/git_challenge/.git/
PS C:\Users\owner\OneDrive\Desktop\git_challenge> git add "C:\Users\owner\OneDrive\Desktop\git_challenge\hello_world.txt"
PS C:\Users\owner\OneDrive\Desktop\git_challenge> git commit -m "hello_world.txtを追加"          
[main (root-commit) 21fe0c6] hello_world.txtを追加
 1 file changed, 1 insertion(+)
 create mode 100644 hello_world.txt
PS C:\Users\owner\OneDrive\Desktop\git_challenge> git add hello_world.txt  
PS C:\Users\owner\OneDrive\Desktop\git_challenge> git commit -m "日本語訳を追加"  
[main 0780740] 日本語訳を追加                       
 1 file changed, 2 insertions(+), 1 deletion(-)
PS C:\Users\owner\OneDrive\Desktop\git_challenge> git log --oneline
0780740 (HEAD -> main) 日本語訳を追加
21fe0c6 hello_world.txtを追加